Application     C:\Users\junio\AppData\Local\Temp\CSExpRun2460.bch
Type            BATCH
Input Data      <<CSPro DB>> C:\Users\junio\OneDrive\Documents\KNT\Data analysis cohort 1 24-25\Training 2024-2025\RESOURCES FOR DATA ANALYSIS COURSE 2024-25\Mildred\data.csdb
<File>          cspro_export_file_var_f=

Date            Feb 10, 2025
Start Time      21:36:27
End Time        21:36:27

CSPro Process Summary

      ╔══════════════════════════════════════════════════════╗
      ║       720 Records Read   100% of input file          ║
      ║         0 Ignored:       0 Unknown         0 Erased  ║
      ║         0 Messages:      0 E      0 W      0 User    ║
      ╠═════════╦══════════════╦══════════════╦══════════════╣
      ║  Level  ║  Input Case  ║  Bad Struct  ║  Level Post  ║
      ╠═════════╬══════════════╬══════════════╬══════════════╣
      ║      1  ║         180  ║           0  ║         180  ║
      ╚═════════╩══════════════╩══════════════╩══════════════╝

Process Messages


CSPro Executor Normal End
------------------------------------------------------------------------------------------------------------------------
